Archive member included to satisfy reference by file (symbol)

/home/franek/st/stm32cubeclt_1.16.0/GNU-tools-for-STM32/bin/../lib/gcc/arm-none-eabi/12.3.1/../../../../arm-none-eabi/lib/thumb/v7e-m+fp/hard/libc_nano.a(libc_a-atoi.o)
                              CMakeFiles/devcontainer-stm32-cubemx-clean.dir/Core/Src/main.cpp.obj (atoi)
/home/franek/st/stm32cubeclt_1.16.0/GNU-tools-for-STM32/bin/../lib/gcc/arm-none-eabi/12.3.1/../../../../arm-none-eabi/lib/thumb/v7e-m+fp/hard/libc_nano.a(libc_a-exit.o)
                              /home/franek/st/stm32cubeclt_1.16.0/GNU-tools-for-STM32/bin/../lib/gcc/arm-none-eabi/12.3.1/../../../../arm-none-eabi/lib/thumb/v7e-m+fp/hard/crt0.o (exit)
/home/franek/st/stm32cubeclt_1.16.0/GNU-tools-for-STM32/bin/../lib/gcc/arm-none-eabi/12.3.1/../../../../arm-none-eabi/lib/thumb/v7e-m+fp/hard/libc_nano.a(libc_a-strtol.o)
                              /home/franek/st/stm32cubeclt_1.16.0/GNU-tools-for-STM32/bin/../lib/gcc/arm-none-eabi/12.3.1/../../../../arm-none-eabi/lib/thumb/v7e-m+fp/hard/libc_nano.a(libc_a-atoi.o) (_strtol_r)
/home/franek/st/stm32cubeclt_1.16.0/GNU-tools-for-STM32/bin/../lib/gcc/arm-none-eabi/12.3.1/../../../../arm-none-eabi/lib/thumb/v7e-m+fp/hard/libc_nano.a(libc_a-ctype_.o)
                              /home/franek/st/stm32cubeclt_1.16.0/GNU-tools-for-STM32/bin/../lib/gcc/arm-none-eabi/12.3.1/../../../../arm-none-eabi/lib/thumb/v7e-m+fp/hard/libc_nano.a(libc_a-strtol.o) (_ctype_)
/home/franek/st/stm32cubeclt_1.16.0/GNU-tools-for-STM32/bin/../lib/gcc/arm-none-eabi/12.3.1/../../../../arm-none-eabi/lib/thumb/v7e-m+fp/hard/libc_nano.a(libc_a-findfp.o)
                              /home/franek/st/stm32cubeclt_1.16.0/GNU-tools-for-STM32/bin/../lib/gcc/arm-none-eabi/12.3.1/../../../../arm-none-eabi/lib/thumb/v7e-m+fp/hard/libc_nano.a(libc_a-exit.o) (__stdio_exit_handler)
/home/franek/st/stm32cubeclt_1.16.0/GNU-tools-for-STM32/bin/../lib/gcc/arm-none-eabi/12.3.1/../../../../arm-none-eabi/lib/thumb/v7e-m+fp/hard/libc_nano.a(libc_a-fwalk.o)
                              /home/franek/st/stm32cubeclt_1.16.0/GNU-tools-for-STM32/bin/../lib/gcc/arm-none-eabi/12.3.1/../../../../arm-none-eabi/lib/thumb/v7e-m+fp/hard/libc_nano.a(libc_a-findfp.o) (_fwalk_sglue)
/home/franek/st/stm32cubeclt_1.16.0/GNU-tools-for-STM32/bin/../lib/gcc/arm-none-eabi/12.3.1/../../../../arm-none-eabi/lib/thumb/v7e-m+fp/hard/libc_nano.a(libc_a-stdio.o)
                              /home/franek/st/stm32cubeclt_1.16.0/GNU-tools-for-STM32/bin/../lib/gcc/arm-none-eabi/12.3.1/../../../../arm-none-eabi/lib/thumb/v7e-m+fp/hard/libc_nano.a(libc_a-findfp.o) (__sread)
/home/franek/st/stm32cubeclt_1.16.0/GNU-tools-for-STM32/bin/../lib/gcc/arm-none-eabi/12.3.1/../../../../arm-none-eabi/lib/thumb/v7e-m+fp/hard/libc_nano.a(libc_a-memset.o)
                              /home/franek/st/stm32cubeclt_1.16.0/GNU-tools-for-STM32/bin/../lib/gcc/arm-none-eabi/12.3.1/../../../../arm-none-eabi/lib/thumb/v7e-m+fp/hard/crt0.o (memset)
/home/franek/st/stm32cubeclt_1.16.0/GNU-tools-for-STM32/bin/../lib/gcc/arm-none-eabi/12.3.1/../../../../arm-none-eabi/lib/thumb/v7e-m+fp/hard/libc_nano.a(libc_a-closer.o)
                              /home/franek/st/stm32cubeclt_1.16.0/GNU-tools-for-STM32/bin/../lib/gcc/arm-none-eabi/12.3.1/../../../../arm-none-eabi/lib/thumb/v7e-m+fp/hard/libc_nano.a(libc_a-stdio.o) (_close_r)
/home/franek/st/stm32cubeclt_1.16.0/GNU-tools-for-STM32/bin/../lib/gcc/arm-none-eabi/12.3.1/../../../../arm-none-eabi/lib/thumb/v7e-m+fp/hard/libc_nano.a(libc_a-reent.o)
                              /home/franek/st/stm32cubeclt_1.16.0/GNU-tools-for-STM32/bin/../lib/gcc/arm-none-eabi/12.3.1/../../../../arm-none-eabi/lib/thumb/v7e-m+fp/hard/libc_nano.a(libc_a-closer.o) (errno)
/home/franek/st/stm32cubeclt_1.16.0/GNU-tools-for-STM32/bin/../lib/gcc/arm-none-eabi/12.3.1/../../../../arm-none-eabi/lib/thumb/v7e-m+fp/hard/libc_nano.a(libc_a-impure.o)
                              /home/franek/st/stm32cubeclt_1.16.0/GNU-tools-for-STM32/bin/../lib/gcc/arm-none-eabi/12.3.1/../../../../arm-none-eabi/lib/thumb/v7e-m+fp/hard/libc_nano.a(libc_a-strtol.o) (_impure_ptr)
/home/franek/st/stm32cubeclt_1.16.0/GNU-tools-for-STM32/bin/../lib/gcc/arm-none-eabi/12.3.1/../../../../arm-none-eabi/lib/thumb/v7e-m+fp/hard/libc_nano.a(libc_a-lseekr.o)
                              /home/franek/st/stm32cubeclt_1.16.0/GNU-tools-for-STM32/bin/../lib/gcc/arm-none-eabi/12.3.1/../../../../arm-none-eabi/lib/thumb/v7e-m+fp/hard/libc_nano.a(libc_a-stdio.o) (_lseek_r)
/home/franek/st/stm32cubeclt_1.16.0/GNU-tools-for-STM32/bin/../lib/gcc/arm-none-eabi/12.3.1/../../../../arm-none-eabi/lib/thumb/v7e-m+fp/hard/libc_nano.a(libc_a-readr.o)
                              /home/franek/st/stm32cubeclt_1.16.0/GNU-tools-for-STM32/bin/../lib/gcc/arm-none-eabi/12.3.1/../../../../arm-none-eabi/lib/thumb/v7e-m+fp/hard/libc_nano.a(libc_a-stdio.o) (_read_r)
[...]
Memory Configuration

Name             Origin             Length             Attributes
RAM              0x20000000         0x00018000         xrw
RAM2             0x10000000         0x00008000         xrw
FLASH            0x08000000         0x00100000         xr
*default*        0x00000000         0xffffffff

Linker script and memory map

LOAD /home/franek/st/stm32cubeclt_1.16.0/GNU-tools-for-STM32/bin/../lib/gcc/arm-none-eabi/12.3.1/thumb/v7e-m+fp/hard/crti.o
LOAD /home/franek/st/stm32cubeclt_1.16.0/GNU-tools-for-STM32/bin/../lib/gcc/arm-none-eabi/12.3.1/thumb/v7e-m+fp/hard/crtbegin.o
LOAD /home/franek/st/stm32cubeclt_1.16.0/GNU-tools-for-STM32/bin/../lib/gcc/arm-none-eabi/12.3.1/../../../../arm-none-eabi/lib/thumb/v7e-m+fp/hard/crt0.o
START GROUP
END GROUP
START GROUP
LOAD /home/franek/st/stm32cubeclt_1.16.0/GNU-tools-for-STM32/bin/../lib/gcc/arm-none-eabi/12.3.1/../../../../arm-none-eabi/lib/thumb/v7e-m+fp/hard/libstdc++_nano.a
LOAD /home/franek/st/stm32cubeclt_1.16.0/GNU-tools-for-STM32/bin/../lib/gcc/arm-none-eabi/12.3.1/../../../../arm-none-eabi/lib/thumb/v7e-m+fp/hard/libsupc++_nano.a
END GROUP
LOAD CMakeFiles/devcontainer-stm32-cubemx-clean.dir/Core/Src/main.cpp.obj
LOAD CMakeFiles/devcontainer-stm32-cubemx-clean.dir/Core/Src/gpio.c.obj
LOAD CMakeFiles/devcontainer-stm32-cubemx-clean.dir/Core/Src/usart.c.obj
LOAD CMakeFiles/devcontainer-stm32-cubemx-clean.dir/Core/Src/stm32l4xx_it.c.obj
LOAD CMakeFiles/devcontainer-stm32-cubemx-clean.dir/Core/Src/stm32l4xx_hal_msp.c.obj
LOAD CMakeFiles/devcontainer-stm32-cubemx-clean.dir/Drivers/STM32L4xx_HAL_Driver/Src/stm32l4xx_hal_i2c.c.obj
LOAD CMakeFiles/devcontainer-stm32-cubemx-clean.dir/Drivers/STM32L4xx_HAL_Driver/Src/stm32l4xx_hal_i2c_ex.c.obj
LOAD CMakeFiles/devcontainer-stm32-cubemx-clean.dir/Drivers/STM32L4xx_HAL_Driver/Src/stm32l4xx_hal.c.obj
LOAD CMakeFiles/devcontainer-stm32-cubemx-clean.dir/Drivers/STM32L4xx_HAL_Driver/Src/stm32l4xx_hal_rcc.c.obj
LOAD CMakeFiles/devcontainer-stm32-cubemx-clean.dir/Drivers/STM32L4xx_HAL_Driver/Src/stm32l4xx_hal_rcc_ex.c.obj
LOAD CMakeFiles/devcontainer-stm32-cubemx-clean.dir/Drivers/STM32L4xx_HAL_Driver/Src/stm32l4xx_hal_flash.c.obj
LOAD CMakeFiles/devcontainer-stm32-cubemx-clean.dir/Drivers/STM32L4xx_HAL_Driver/Src/stm32l4xx_hal_flash_ex.c.obj
LOAD CMakeFiles/devcontainer-stm32-cubemx-clean.dir/Drivers/STM32L4xx_HAL_Driver/Src/stm32l4xx_hal_flash_ramfunc.c.obj
LOAD CMakeFiles/devcontainer-stm32-cubemx-clean.dir/Drivers/STM32L4xx_HAL_Driver/Src/stm32l4xx_hal_gpio.c.obj
LOAD CMakeFiles/devcontainer-stm32-cubemx-clean.dir/Drivers/STM32L4xx_HAL_Driver/Src/stm32l4xx_hal_dma.c.obj
LOAD CMakeFiles/devcontainer-stm32-cubemx-clean.dir/Drivers/STM32L4xx_HAL_Driver/Src/stm32l4xx_hal_dma_ex.c.obj
LOAD CMakeFiles/devcontainer-stm32-cubemx-clean.dir/Drivers/STM32L4xx_HAL_Driver/Src/stm32l4xx_hal_pwr.c.obj
LOAD CMakeFiles/devcontainer-stm32-cubemx-clean.dir/Drivers/STM32L4xx_HAL_Driver/Src/stm32l4xx_hal_pwr_ex.c.obj
LOAD CMakeFiles/devcontainer-stm32-cubemx-clean.dir/Drivers/STM32L4xx_HAL_Driver/Src/stm32l4xx_hal_cortex.c.obj
LOAD CMakeFiles/devcontainer-stm32-cubemx-clean.dir/Drivers/STM32L4xx_HAL_Driver/Src/stm32l4xx_hal_exti.c.obj
LOAD CMakeFiles/devcontainer-stm32-cubemx-clean.dir/Drivers/STM32L4xx_HAL_Driver/Src/stm32l4xx_hal_tim.c.obj
LOAD CMakeFiles/devcontainer-stm32-cubemx-clean.dir/Drivers/STM32L4xx_HAL_Driver/Src/stm32l4xx_hal_tim_ex.c.obj
LOAD CMakeFiles/devcontainer-stm32-cubemx-clean.dir/Drivers/STM32L4xx_HAL_Driver/Src/stm32l4xx_hal_uart.c.obj
LOAD CMakeFiles/devcontainer-stm32-cubemx-clean.dir/Drivers/STM32L4xx_HAL_Driver/Src/stm32l4xx_hal_uart_ex.c.obj
LOAD CMakeFiles/devcontainer-stm32-cubemx-clean.dir/Core/Src/system_stm32l4xx.c.obj
LOAD CMakeFiles/devcontainer-stm32-cubemx-clean.dir/Core/Src/sysmem.c.obj
LOAD CMakeFiles/devcontainer-stm32-cubemx-clean.dir/Core/Src/syscalls.c.obj
LOAD CMakeFiles/devcontainer-stm32-cubemx-clean.dir/startup_stm32l476xx.s.obj
LOAD /home/franek/st/stm32cubeclt_1.16.0/GNU-tools-for-STM32/bin/../lib/gcc/arm-none-eabi/12.3.1/../../../../arm-none-eabi/lib/thumb/v7e-m+fp/hard/libstdc++_nano.a
LOAD /home/franek/st/stm32cubeclt_1.16.0/GNU-tools-for-STM32/bin/../lib/gcc/arm-none-eabi/12.3.1/../../../../arm-none-eabi/lib/thumb/v7e-m+fp/hard/libm.a
LOAD /home/franek/st/stm32cubeclt_1.16.0/GNU-tools-for-STM32/bin/../lib/gcc/arm-none-eabi/12.3.1/../../../../arm-none-eabi/lib/thumb/v7e-m+fp/hard/libc_nano.a
START GROUP
LOAD /home/franek/st/stm32cubeclt_1.16.0/GNU-tools-for-STM32/bin/../lib/gcc/arm-none-eabi/12.3.1/thumb/v7e-m+fp/hard/libgcc.a
LOAD /home/franek/st/stm32cubeclt_1.16.0/GNU-tools-for-STM32/bin/../lib/gcc/arm-none-eabi/12.3.1/../../../../arm-none-eabi/lib/thumb/v7e-m+fp/hard/libg_nano.a
LOAD /home/franek/st/stm32cubeclt_1.16.0/GNU-tools-for-STM32/bin/../lib/gcc/arm-none-eabi/12.3.1/../../../../arm-none-eabi/lib/thumb/v7e-m+fp/hard/libc_nano.a
END GROUP
START GROUP
LOAD /home/franek/st/stm32cubeclt_1.16.0/GNU-tools-for-STM32/bin/../lib/gcc/arm-none-eabi/12.3.1/thumb/v7e-m+fp/hard/libgcc.a
LOAD /home/franek/st/stm32cubeclt_1.16.0/GNU-tools-for-STM32/bin/../lib/gcc/arm-none-eabi/12.3.1/../../../../arm-none-eabi/lib/thumb/v7e-m+fp/hard/libc_nano.a
END GROUP
LOAD /home/franek/st/stm32cubeclt_1.16.0/GNU-tools-for-STM32/bin/../lib/gcc/arm-none-eabi/12.3.1/thumb/v7e-m+fp/hard/crtend.o
LOAD /home/franek/st/stm32cubeclt_1.16.0/GNU-tools-for-STM32/bin/../lib/gcc/arm-none-eabi/12.3.1/thumb/v7e-m+fp/hard/crtn.o
                0x20018000                        _estack = (ORIGIN (RAM) + LENGTH (RAM))
                0x00000200                        _Min_Heap_Size = 0x200
                0x00000400                        _Min_Stack_Size = 0x400

.isr_vector     0x08000000      0x188
                0x08000000                        . = ALIGN (0x8)
 *(.isr_vector)
 .isr_vector    0x08000000      0x188 CMakeFiles/devcontainer-stm32-cubemx-clean.dir/startup_stm32l476xx.s.obj
                0x08000000                g_pfnVectors
                0x08000188                        . = ALIGN (0x8)

.text           0x08000188     0x37b0
                0x08000188                        . = ALIGN (0x8)
 *(.text)
 .text          0x08000188       0x40 /home/franek/st/stm32cubeclt_1.16.0/GNU-tools-for-STM32/bin/../lib/gcc/arm-none-eabi/12.3.1/thumb/v7e-m+fp/hard/crtbegin.o
 .text          0x080001c8       0x30 /home/franek/st/stm32cubeclt_1.16.0/GNU-tools-for-STM32/bin/../lib/gcc/arm-none-eabi/12.3.1/thumb/v7e-m+fp/hard/libgcc.a(_aeabi_uldivmod.o)
                0x080001c8                __aeabi_uldivmod
 .text          0x080001f8      0x2bc /home/franek/st/stm32cubeclt_1.16.0/GNU-tools-for-STM32/bin/../lib/gcc/arm-none-eabi/12.3.1/thumb/v7e-m+fp/hard/libgcc.a(_udivmoddi4.o)
                0x080001f8                __udivmoddi4
 .text          0x080004b4        0x4 /home/franek/st/stm32cubeclt_1.16.0/GNU-tools-for-STM32/bin/../lib/gcc/arm-none-eabi/12.3.1/thumb/v7e-m+fp/hard/libgcc.a(_dvmd_tls.o)
                0x080004b4                __aeabi_ldiv0
                0x080004b4                __aeabi_idiv0
 *(.text*)
 .text.main     0x080004b8       0xf4 CMakeFiles/devcontainer-stm32-cubemx-clean.dir/Core/Src/main.cpp.obj
                0x080004b8                main
 .text._Z18SystemClock_Configv
                0x080005ac       0xc0 CMakeFiles/devcontainer-stm32-cubemx-clean.dir/Core/Src/main.cpp.obj
                0x080005ac                SystemClock_Config()
 .text.Error_Handler
                0x0800066c        0xc CMakeFiles/devcontainer-stm32-cubemx-clean.dir/Core/Src/main.cpp.obj
                0x0800066c                Error_Handler
 .text.MX_GPIO_Init
                0x08000678       0xcc CMakeFiles/devcontainer-stm32-cubemx-clean.dir/Core/Src/gpio.c.obj
                0x08000678                MX_GPIO_Init
 .text.MX_USART2_UART_Init
                0x08000744       0x68 CMakeFiles/devcontainer-stm32-cubemx-clean.dir/Core/Src/usart.c.obj
                0x08000744                MX_USART2_UART_Init
 .text.HAL_UART_MspInit
                0x080007ac       0xb8 CMakeFiles/devcontainer-stm32-cubemx-clean.dir/Core/Src/usart.c.obj
                0x080007ac                HAL_UART_MspInit
 .text.NMI_Handler
                0x08000864        0x8 CMakeFiles/devcontainer-stm32-cubemx-clean.dir/Core/Src/stm32l4xx_it.c.obj
                0x08000864                NMI_Handler
 .text.HardFault_Handler
                0x0800086c        0x8 CMakeFiles/devcontainer-stm32-cubemx-clean.dir/Core/Src/stm32l4xx_it.c.obj
                0x0800086c                HardFault_Handler
 .text.MemManage_Handler
                0x08000874        0x8 CMakeFiles/devcontainer-stm32-cubemx-clean.dir/Core/Src/stm32l4xx_it.c.obj
                0x08000874                MemManage_Handler
 .text.BusFault_Handler
                0x0800087c        0x8 CMakeFiles/devcontainer-stm32-cubemx-clean.dir/Core/Src/stm32l4xx_it.c.obj
                0x0800087c                BusFault_Handler
 .text.UsageFault_Handler
                0x08000884        0x8 CMakeFiles/devcontainer-stm32-cubemx-clean.dir/Core/Src/stm32l4xx_it.c.obj
                0x08000884                UsageFault_Handler
 .text.SVC_Handler
                0x0800088c        0xe CMakeFiles/devcontainer-stm32-cubemx-clean.dir/Core/Src/stm32l4xx_it.c.obj
                0x0800088c                SVC_Handler
 .text.DebugMon_Handler
                0x0800089a        0xe CMakeFiles/devcontainer-stm32-cubemx-clean.dir/Core/Src/stm32l4xx_it.c.obj
                0x0800089a                DebugMon_Handler
 .text.PendSV_Handler
                0x080008a8        0xe CMakeFiles/devcontainer-stm32-cubemx-clean.dir/Core/Src/stm32l4xx_it.c.obj
                0x080008a8                PendSV_Handler
 .text.SysTick_Handler
                0x080008b6        0xc CMakeFiles/devcontainer-stm32-cubemx-clean.dir/Core/Src/stm32l4xx_it.c.obj
                0x080008b6                SysTick_Handler
 *fill*         0x080008c2        0x2 
 .text.HAL_MspInit
                0x080008c4       0x48 CMakeFiles/devcontainer-stm32-cubemx-clean.dir/Core/Src/stm32l4xx_hal_msp.c.obj
                0x080008c4                HAL_MspInit
 .text.HAL_Init
                0x0800090c       0x40 CMakeFiles/devcontainer-stm32-cubemx-clean.dir/Drivers/STM32L4xx_HAL_Driver/Src/stm32l4xx_hal.c.obj
                0x0800090c                HAL_Init
 .text.HAL_InitTick
                0x0800094c       0x78 CMakeFiles/devcontainer-stm32-cubemx-clean.dir/Drivers/STM32L4xx_HAL_Driver/Src/stm32l4xx_hal.c.obj
                0x0800094c                HAL_InitTick
 .text.HAL_IncTick
                0x080009c4       0x28 CMakeFiles/devcontainer-stm32-cubemx-clean.dir/Drivers/STM32L4xx_HAL_Driver/Src/stm32l4xx_hal.c.obj
                0x080009c4                HAL_IncTick
 .text.HAL_GetTick
                0x080009ec       0x18 CMakeFiles/devcontainer-stm32-cubemx-clean.dir/Drivers/STM32L4xx_HAL_Driver/Src/stm32l4xx_hal.c.obj
                0x080009ec                HAL_GetTick
 .text.HAL_RCC_OscConfig
                0x08000a04      0x7b8 CMakeFiles/devcontainer-stm32-cubemx-clean.dir/Drivers/STM32L4xx_HAL_Driver/Src/stm32l4xx_hal_rcc.c.obj
                0x08000a04                HAL_RCC_OscConfig
 .text.HAL_RCC_ClockConfig
                0x080011bc      0x200 CMakeFiles/devcontainer-stm32-cubemx-clean.dir/Drivers/STM32L4xx_HAL_Driver/Src/stm32l4xx_hal_rcc.c.obj
                0x080011bc                HAL_RCC_ClockConfig
 .text.HAL_RCC_GetSysClockFreq
                0x080013bc      0x118 CMakeFiles/devcontainer-stm32-cubemx-clean.dir/Drivers/STM32L4xx_HAL_Driver/Src/stm32l4xx_hal_rcc.c.obj
                0x080013bc                HAL_RCC_GetSysClockFreq
 .text.HAL_RCC_GetHCLKFreq
                0x080014d4       0x18 CMakeFiles/devcontainer-stm32-cubemx-clean.dir/Drivers/STM32L4xx_HAL_Driver/Src/stm32l4xx_hal_rcc.c.obj
                0x080014d4                HAL_RCC_GetHCLKFreq
 .text.HAL_RCC_GetPCLK1Freq
                0x080014ec       0x2c CMakeFiles/devcontainer-stm32-cubemx-clean.dir/Drivers/STM32L4xx_HAL_Driver/Src/stm32l4xx_hal_rcc.c.obj
                0x080014ec                HAL_RCC_GetPCLK1Freq
 .text.HAL_RCC_GetPCLK2Freq
                0x08001518       0x2c CMakeFiles/devcontainer-stm32-cubemx-clean.dir/Drivers/STM32L4xx_HAL_Driver/Src/stm32l4xx_hal_rcc.c.obj
                0x08001518                HAL_RCC_GetPCLK2Freq
 .text.RCC_SetFlashLatencyFromMSIRange
                0x08001544       0xc0 CMakeFiles/devcontainer-stm32-cubemx-clean.dir/Drivers/STM32L4xx_HAL_Driver/Src/stm32l4xx_hal_rcc.c.obj
 .text.HAL_RCCEx_PeriphCLKConfig
                0x08001604      0x5d4 CMakeFiles/devcontainer-stm32-cubemx-clean.dir/Drivers/STM32L4xx_HAL_Driver/Src/stm32l4xx_hal_rcc_ex.c.obj
                0x08001604                HAL_RCCEx_PeriphCLKConfig
 .text.RCCEx_PLLSAI1_Config
                0x08001bd8      0x1e8 CMakeFiles/devcontainer-stm32-cubemx-clean.dir/Drivers/STM32L4xx_HAL_Driver/Src/stm32l4xx_hal_rcc_ex.c.obj
 .text.RCCEx_PLLSAI2_Config
                0x08001dc0      0x1bc CMakeFiles/devcontainer-stm32-cubemx-clean.dir/Drivers/STM32L4xx_HAL_Driver/Src/stm32l4xx_hal_rcc_ex.c.obj
 .text.HAL_GPIO_Init
                0x08001f7c      0x354 CMakeFiles/devcontainer-stm32-cubemx-clean.dir/Drivers/STM32L4xx_HAL_Driver/Src/stm32l4xx_hal_gpio.c.obj
                0x08001f7c                HAL_GPIO_Init
 .text.HAL_GPIO_WritePin
                0x080022d0       0x30 CMakeFiles/devcontainer-stm32-cubemx-clean.dir/Drivers/STM32L4xx_HAL_Driver/Src/stm32l4xx_hal_gpio.c.obj
                0x080022d0                HAL_GPIO_WritePin
 .text.HAL_PWREx_GetVoltageRange
                0x08002300       0x1c CMakeFiles/devcontainer-stm32-cubemx-clean.dir/Drivers/STM32L4xx_HAL_Driver/Src/stm32l4xx_hal_pwr_ex.c.obj
                0x08002300                HAL_PWREx_GetVoltageRange
 .text.HAL_PWREx_ControlVoltageScaling
                0x0800231c       0xac CMakeFiles/devcontainer-stm32-cubemx-clean.dir/Drivers/STM32L4xx_HAL_Driver/Src/stm32l4xx_hal_pwr_ex.c.obj
                0x0800231c                HAL_PWREx_ControlVoltageScaling
 .text.__NVIC_SetPriorityGrouping
                0x080023c8       0x48 CMakeFiles/devcontainer-stm32-cubemx-clean.dir/Drivers/STM32L4xx_HAL_Driver/Src/stm32l4xx_hal_cortex.c.obj
 .text.__NVIC_GetPriorityGrouping
                0x08002410       0x1c CMakeFiles/devcontainer-stm32-cubemx-clean.dir/Drivers/STM32L4xx_HAL_Driver/Src/stm32l4xx_hal_cortex.c.obj
 .text.__NVIC_SetPriority
                0x0800242c       0x54 CMakeFiles/devcontainer-stm32-cubemx-clean.dir/Drivers/STM32L4xx_HAL_Driver/Src/stm32l4xx_hal_cortex.c.obj
 .text.NVIC_EncodePriority
                0x08002480       0x66 CMakeFiles/devcontainer-stm32-cubemx-clean.dir/Drivers/STM32L4xx_HAL_Driver/Src/stm32l4xx_hal_cortex.c.obj
 *fill*         0x080024e6        0x2 
 .text.SysTick_Config
                0x080024e8       0x44 CMakeFiles/devcontainer-stm32-cubemx-clean.dir/Drivers/STM32L4xx_HAL_Driver/Src/stm32l4xx_hal_cortex.c.obj
 .text.HAL_NVIC_SetPriorityGrouping
                0x0800252c       0x16 CMakeFiles/devcontainer-stm32-cubemx-clean.dir/Drivers/STM32L4xx_HAL_Driver/Src/stm32l4xx_hal_cortex.c.obj
                0x0800252c                HAL_NVIC_SetPriorityGrouping
 .text.HAL_NVIC_SetPriority
                0x08002542       0x38 CMakeFiles/devcontainer-stm32-cubemx-clean.dir/Drivers/STM32L4xx_HAL_Driver/Src/stm32l4xx_hal_cortex.c.obj
                0x08002542                HAL_NVIC_SetPriority
 .text.HAL_SYSTICK_Config
                0x0800257a       0x18 CMakeFiles/devcontainer-stm32-cubemx-clean.dir/Drivers/STM32L4xx_HAL_Driver/Src/stm32l4xx_hal_cortex.c.obj
                0x0800257a                HAL_SYSTICK_Config
 .text.HAL_UART_Init
                0x08002592       0x9c CMakeFiles/devcontainer-stm32-cubemx-clean.dir/Drivers/STM32L4xx_HAL_Driver/Src/stm32l4xx_hal_uart.c.obj
                0x08002592                HAL_UART_Init
 .text.HAL_UART_Receive
                0x0800262e      0x192 CMakeFiles/devcontainer-stm32-cubemx-clean.dir/Drivers/STM32L4xx_HAL_Driver/Src/stm32l4xx_hal_uart.c.obj
                0x0800262e                HAL_UART_Receive
 .text.HAL_UART_Receive_IT
                0x080027c0       0x98 CMakeFiles/devcontainer-stm32-cubemx-clean.dir/Drivers/STM32L4xx_HAL_Driver/Src/stm32l4xx_hal_uart.c.obj
                0x080027c0                HAL_UART_Receive_IT
 .text.HAL_UART_RxCpltCallback
                0x08002858       0x14 CMakeFiles/devcontainer-stm32-cubemx-clean.dir/Drivers/STM32L4xx_HAL_Driver/Src/stm32l4xx_hal_uart.c.obj
                0x08002858                HAL_UART_RxCpltCallback
 .text.HAL_UARTEx_RxEventCallback
                0x0800286c       0x18 CMakeFiles/devcontainer-stm32-cubemx-clean.dir/Drivers/STM32L4xx_HAL_Driver/Src/stm32l4xx_hal_uart.c.obj
                0x0800286c                HAL_UARTEx_RxEventCallback
 .text.UART_SetConfig
                0x08002884      0x570 CMakeFiles/devcontainer-stm32-cubemx-clean.dir/Drivers/STM32L4xx_HAL_Driver/Src/stm32l4xx_hal_uart.c.obj
                0x08002884                UART_SetConfig
 .text.UART_AdvFeatureConfig
                0x08002df4      0x144 CMakeFiles/devcontainer-stm32-cubemx-clean.dir/Drivers/STM32L4xx_HAL_Driver/Src/stm32l4xx_hal_uart.c.obj
                0x08002df4                UART_AdvFeatureConfig
 .text.UART_CheckIdleState
                0x08002f38      0x150 CMakeFiles/devcontainer-stm32-cubemx-clean.dir/Drivers/STM32L4xx_HAL_Driver/Src/stm32l4xx_hal_uart.c.obj
                0x08002f38                UART_CheckIdleState
 .text.UART_WaitOnFlagUntilTimeout
                0x08003088       0xda CMakeFiles/devcontainer-stm32-cubemx-clean.dir/Drivers/STM32L4xx_HAL_Driver/Src/stm32l4xx_hal_uart.c.obj
                0x08003088                UART_WaitOnFlagUntilTimeout
 *fill*         0x08003162        0x2 
 .text.UART_Start_Receive_IT
                0x08003164      0x18c CMakeFiles/devcontainer-stm32-cubemx-clean.dir/Drivers/STM32L4xx_HAL_Driver/Src/stm32l4xx_hal_uart.c.obj
                0x08003164                UART_Start_Receive_IT
 .text.UART_EndRxTransfer
                0x080032f0       0xc8 CMakeFiles/devcontainer-stm32-cubemx-clean.dir/Drivers/STM32L4xx_HAL_Driver/Src/stm32l4xx_hal_uart.c.obj
 .text.UART_RxISR_8BIT
                0x080033b8      0x1bc CMakeFiles/devcontainer-stm32-cubemx-clean.dir/Drivers/STM32L4xx_HAL_Driver/Src/stm32l4xx_hal_uart.c.obj
 .text.UART_RxISR_16BIT
                0x08003574      0x1bc CMakeFiles/devcontainer-stm32-cubemx-clean.dir/Drivers/STM32L4xx_HAL_Driver/Src/stm32l4xx_hal_uart.c.obj
 .text.SystemInit
                0x08003730       0x24 CMakeFiles/devcontainer-stm32-cubemx-clean.dir/Core/Src/system_stm32l4xx.c.obj
                0x08003730                SystemInit
 .text.Reset_Handler
                0x08003754       0x50 CMakeFiles/devcontainer-stm32-cubemx-clean.dir/startup_stm32l476xx.s.obj
                0x08003754                Reset_Handler
 .text.Default_Handler
                0x080037a4        0x2 CMakeFiles/devcontainer-stm32-cubemx-clean.dir/startup_stm32l476xx.s.obj
                0x080037a4                RTC_Alarm_IRQHandler
                0x080037a4                EXTI2_IRQHandler
                0x080037a4                TIM8_TRG_COM_IRQHandler
                0x080037a4                TIM8_CC_IRQHandler
                0x080037a4                TIM1_CC_IRQHandler
                0x080037a4                TSC_IRQHandler
                0x080037a4                TAMP_STAMP_IRQHandler
                0x080037a4                EXTI3_IRQHandler
                0x080037a4                LPTIM2_IRQHandler
                0x080037a4                DFSDM1_FLT1_IRQHandler
                0x080037a4                I2C3_ER_IRQHandler
                0x080037a4                DFSDM1_FLT2_IRQHandler
                0x080037a4                EXTI0_IRQHandler
                0x080037a4                I2C2_EV_IRQHandler
                0x080037a4                CAN1_RX0_IRQHandler
                0x080037a4                FPU_IRQHandler
                0x080037a4                TIM1_UP_TIM16_IRQHandler
                0x080037a4                ADC1_2_IRQHandler
                0x080037a4                SPI1_IRQHandler
                0x080037a4                TIM6_DAC_IRQHandler
                0x080037a4                TIM8_UP_IRQHandler
                0x080037a4                DMA2_Channel2_IRQHandler
                0x080037a4                DMA1_Channel4_IRQHandler
                0x080037a4                SAI2_IRQHandler
                0x080037a4                DFSDM1_FLT3_IRQHandler
                0x080037a4                USART3_IRQHandler
                0x080037a4                DMA1_Channel7_IRQHandler
                0x080037a4                CAN1_RX1_IRQHandler
                0x080037a4                LCD_IRQHandler
                0x080037a4                UART5_IRQHandler
                0x080037a4                ADC3_IRQHandler
                0x080037a4                TIM4_IRQHandler
                0x080037a4                DMA2_Channel1_IRQHandler
                0x080037a4                QUADSPI_IRQHandler
                0x080037a4                I2C1_EV_IRQHandler
                0x080037a4                DMA1_Channel6_IRQHandler
                0x080037a4                UART4_IRQHandler
                0x080037a4                DMA2_Channel4_IRQHandler
                0x080037a4                TIM3_IRQHandler
                0x080037a4                RCC_IRQHandler
                0x080037a4                DMA1_Channel1_IRQHandler
                0x080037a4                Default_Handler
                0x080037a4                DMA2_Channel7_IRQHandler
                0x080037a4                EXTI15_10_IRQHandler
                0x080037a4                TIM7_IRQHandler
                0x080037a4                SDMMC1_IRQHandler
                0x080037a4                TIM5_IRQHandler
                0x080037a4                I2C3_EV_IRQHandler
                0x080037a4                EXTI9_5_IRQHandler
                0x080037a4                RTC_WKUP_IRQHandler
                0x080037a4                PVD_PVM_IRQHandler
                0x080037a4                SPI2_IRQHandler
                0x080037a4                CAN1_TX_IRQHandler
                0x080037a4                DMA2_Channel5_IRQHandler
                0x080037a4                DMA1_Channel5_IRQHandler
                0x080037a4                EXTI4_IRQHandler
                0x080037a4                RNG_IRQHandler
                0x080037a4                TIM1_TRG_COM_TIM17_IRQHandler
                0x080037a4                DMA1_Channel3_IRQHandler
                0x080037a4                COMP_IRQHandler
                0x080037a4                WWDG_IRQHandler
                0x080037a4                LPUART1_IRQHandler
                0x080037a4                DMA2_Channel6_IRQHandler
                0x080037a4                TIM2_IRQHandler
                0x080037a4                EXTI1_IRQHandler
                0x080037a4                USART2_IRQHandler
                0x080037a4                DFSDM1_FLT0_IRQHandler
                0x080037a4                I2C2_ER_IRQHandler
                0x080037a4                DMA1_Channel2_IRQHandler
                0x080037a4                TIM8_BRK_IRQHandler
                0x080037a4                CAN1_SCE_IRQHandler
                0x080037a4                FLASH_IRQHandler
                0x080037a4                USART1_IRQHandler
                0x080037a4                OTG_FS_IRQHandler
                0x080037a4                SPI3_IRQHandler
                0x080037a4                I2C1_ER_IRQHandler
                0x080037a4                FMC_IRQHandler
                0x080037a4                SWPMI1_IRQHandler
                0x080037a4                LPTIM1_IRQHandler
                0x080037a4                SAI1_IRQHandler
                0x080037a4                DMA2_Channel3_IRQHandler
                0x080037a4                TIM1_BRK_TIM15_IRQHandler
 .text.atoi     0x080037a6        0x8 /home/franek/st/stm32cubeclt_1.16.0/GNU-tools-for-STM32/bin/../lib/gcc/arm-none-eabi/12.3.1/../../../../arm-none-eabi/lib/thumb/v7e-m+fp/hard/libc_nano.a(libc_a-atoi.o)
                0x080037a6                atoi
 *fill*         0x080037ae        0x2 
 .text._strtol_l.constprop.0
                0x080037b0       0xf4 /home/franek/st/stm32cubeclt_1.16.0/GNU-tools-for-STM32/bin/../lib/gcc/arm-none-eabi/12.3.1/../../../../arm-none-eabi/lib/thumb/v7e-m+fp/hard/libc_nano.a(libc_a-strtol.o)
 .text.strtol   0x080038a4       0x14 /home/franek/st/stm32cubeclt_1.16.0/GNU-tools-for-STM32/bin/../lib/gcc/arm-none-eabi/12.3.1/../../../../arm-none-eabi/lib/thumb/v7e-m+fp/hard/libc_nano.a(libc_a-strtol.o)
                0x080038a4                strtol
 .text.memset   0x080038b8       0x10 /home/franek/st/stm32cubeclt_1.16.0/GNU-tools-for-STM32/bin/../lib/gcc/arm-none-eabi/12.3.1/../../../../arm-none-eabi/lib/thumb/v7e-m+fp/hard/libc_nano.a(libc_a-memset.o)
                0x080038b8                memset
 .text.__errno  0x080038c8        0xc /home/franek/st/stm32cubeclt_1.16.0/GNU-tools-for-STM32/bin/../lib/gcc/arm-none-eabi/12.3.1/../../../../arm-none-eabi/lib/thumb/v7e-m+fp/hard/libc_nano.a(libc_a-errno.o)
                0x080038c8                __errno
 .text.__libc_init_array
                0x080038d4       0x48 /home/franek/st/stm32cubeclt_1.16.0/GNU-tools-for-STM32/bin/../lib/gcc/arm-none-eabi/12.3.1/../../../../arm-none-eabi/lib/thumb/v7e-m+fp/hard/libc_nano.a(libc_a-init.o)
                0x080038d4                __libc_init_array
 *(.glue_7)
 .glue_7        0x0800391c        0x0 linker stubs
 *(.glue_7t)
 .glue_7t       0x0800391c        0x0 linker stubs
 *(.eh_frame)
 .eh_frame      0x0800391c        0x0 /home/franek/st/stm32cubeclt_1.16.0/GNU-tools-for-STM32/bin/../lib/gcc/arm-none-eabi/12.3.1/thumb/v7e-m+fp/hard/crtbegin.o
 *(.init)
 .init          0x0800391c        0x4 /home/franek/st/stm32cubeclt_1.16.0/GNU-tools-for-STM32/bin/../lib/gcc/arm-none-eabi/12.3.1/thumb/v7e-m+fp/hard/crti.o
                0x0800391c                _init
 .init          0x08003920        0x8 /home/franek/st/stm32cubeclt_1.16.0/GNU-tools-for-STM32/bin/../lib/gcc/arm-none-eabi/12.3.1/thumb/v7e-m+fp/hard/crtn.o
 *(.fini)
 .fini          0x08003928        0x4 /home/franek/st/stm32cubeclt_1.16.0/GNU-tools-for-STM32/bin/../lib/gcc/arm-none-eabi/12.3.1/thumb/v7e-m+fp/hard/crti.o
                0x08003928                _fini
 .fini          0x0800392c        0x8 /home/franek/st/stm32cubeclt_1.16.0/GNU-tools-for-STM32/bin/../lib/gcc/arm-none-eabi/12.3.1/thumb/v7e-m+fp/hard/crtn.o
                0x08003938                        . = ALIGN (0x8)
 *fill*         0x08003934        0x4 
                0x08003938                        _etext = .

.vfp11_veneer   0x08003938        0x0
 .vfp11_veneer  0x08003938        0x0 linker stubs

.v4_bx          0x08003938        0x0
 .v4_bx         0x08003938        0x0 linker stubs

.iplt           0x08003938        0x0
 .iplt          0x08003938        0x0 /home/franek/st/stm32cubeclt_1.16.0/GNU-tools-for-STM32/bin/../lib/gcc/arm-none-eabi/12.3.1/thumb/v7e-m+fp/hard/crtbegin.o

.rodata         0x08003938      0x150
                0x08003938                        . = ALIGN (0x8)
 *(.rodata)
 *(.rodata*)
 .rodata.AHBPrescTable
                0x08003938       0x10 CMakeFiles/devcontainer-stm32-cubemx-clean.dir/Core/Src/system_stm32l4xx.c.obj
                0x08003938                AHBPrescTable
 .rodata.APBPrescTable
                0x08003948        0x8 CMakeFiles/devcontainer-stm32-cubemx-clean.dir/Core/Src/system_stm32l4xx.c.obj
                0x08003948                APBPrescTable
 .rodata.MSIRangeTable
                0x08003950       0x30 CMakeFiles/devcontainer-stm32-cubemx-clean.dir/Core/Src/system_stm32l4xx.c.obj
                0x08003950                MSIRangeTable
 .rodata._ctype_
                0x08003980      0x101 /home/franek/st/stm32cubeclt_1.16.0/GNU-tools-for-STM32/bin/../lib/gcc/arm-none-eabi/12.3.1/../../../../arm-none-eabi/lib/thumb/v7e-m+fp/hard/libc_nano.a(libc_a-ctype_.o)
                0x08003980                _ctype_
                0x08003a88                        . = ALIGN (0x8)
 *fill*         0x08003a81        0x7 

.ARM.extab      0x08003a88        0x0
                0x08003a88                        . = ALIGN (0x8)
 *(.ARM.extab* .gnu.linkonce.armextab.*)
                0x08003a88                        . = ALIGN (0x8)

.ARM            0x08003a88        0x8
                0x08003a88                        . = ALIGN (0x8)
                0x08003a88                        __exidx_start = .
 *(.ARM.exidx*)
 .ARM.exidx     0x08003a88        0x8 /home/franek/st/stm32cubeclt_1.16.0/GNU-tools-for-STM32/bin/../lib/gcc/arm-none-eabi/12.3.1/thumb/v7e-m+fp/hard/libgcc.a(_udivmoddi4.o)
                0x08003a90                        __exidx_end = .
                0x08003a90                        . = ALIGN (0x8)

.rel.dyn        0x08003a90        0x0
 .rel.iplt      0x08003a90        0x0 /home/franek/st/stm32cubeclt_1.16.0/GNU-tools-for-STM32/bin/../lib/gcc/arm-none-eabi/12.3.1/thumb/v7e-m+fp/hard/crtbegin.o

.preinit_array  0x08003a90        0x0
                0x08003a90                        . = ALIGN (0x8)
                0x08003a90                        PROVIDE (__preinit_array_start = .)
 *(.preinit_array*)
                0x08003a90                        PROVIDE (__preinit_array_end = .)
                0x08003a90                        . = ALIGN (0x8)

.init_array     0x08003a90        0x8
                0x08003a90                        . = ALIGN (0x8)
                0x08003a90                        PROVIDE (__init_array_start = .)
 *(SORT_BY_NAME(.init_array.*))
 *(.init_array*)
 .init_array    0x08003a90        0x4 /home/franek/st/stm32cubeclt_1.16.0/GNU-tools-for-STM32/bin/../lib/gcc/arm-none-eabi/12.3.1/thumb/v7e-m+fp/hard/crtbegin.o
                0x08003a94                        PROVIDE (__init_array_end = .)
                0x08003a98                        . = ALIGN (0x8)
 *fill*         0x08003a94        0x4 

.fini_array     0x08003a98        0x8
                0x08003a98                        . = ALIGN (0x8)
                [!provide]                        PROVIDE (__fini_array_start = .)
 *(SORT_BY_NAME(.fini_array.*))
 *(.fini_array*)
 .fini_array    0x08003a98        0x4 /home/franek/st/stm32cubeclt_1.16.0/GNU-tools-for-STM32/bin/../lib/gcc/arm-none-eabi/12.3.1/thumb/v7e-m+fp/hard/crtbegin.o
                [!provide]                        PROVIDE (__fini_array_end = .)
                0x08003aa0                        . = ALIGN (0x8)
 *fill*         0x08003a9c        0x4 
                0x08003aa0                        _sidata = LOADADDR (.data)

.data           0x20000000       0x60 load address 0x08003aa0
                0x20000000                        . = ALIGN (0x8)
                0x20000000                        _sdata = .
 *(.data)
 *(.data*)
 .data.uwTickPrio
                0x20000000        0x4 CMakeFiles/devcontainer-stm32-cubemx-clean.dir/Drivers/STM32L4xx_HAL_Driver/Src/stm32l4xx_hal.c.obj
                0x20000000                uwTickPrio
 .data.uwTickFreq
                0x20000004        0x1 CMakeFiles/devcontainer-stm32-cubemx-clean.dir/Drivers/STM32L4xx_HAL_Driver/Src/stm32l4xx_hal.c.obj
                0x20000004                uwTickFreq
 *fill*         0x20000005        0x3 
 .data.SystemCoreClock
                0x20000008        0x4 CMakeFiles/devcontainer-stm32-cubemx-clean.dir/Core/Src/system_stm32l4xx.c.obj
                0x20000008                SystemCoreClock
 .data._impure_ptr
                0x2000000c        0x4 /home/franek/st/stm32cubeclt_1.16.0/GNU-tools-for-STM32/bin/../lib/gcc/arm-none-eabi/12.3.1/../../../../arm-none-eabi/lib/thumb/v7e-m+fp/hard/libc_nano.a(libc_a-impure.o)
                0x2000000c                _impure_ptr
 .data._impure_data
                0x20000010       0x4c /home/franek/st/stm32cubeclt_1.16.0/GNU-tools-for-STM32/bin/../lib/gcc/arm-none-eabi/12.3.1/../../../../arm-none-eabi/lib/thumb/v7e-m+fp/hard/libc_nano.a(libc_a-impure.o)
                0x20000010                _impure_data
                0x20000060                        . = ALIGN (0x8)
 *fill*         0x2000005c        0x4 
                0x20000060                        _edata = .

.igot.plt       0x20000060        0x0 load address 0x08003b00
 .igot.plt      0x20000060        0x0 /home/franek/st/stm32cubeclt_1.16.0/GNU-tools-for-STM32/bin/../lib/gcc/arm-none-eabi/12.3.1/thumb/v7e-m+fp/hard/crtbegin.o
                0x20000060                        . = ALIGN (0x4)

.bss            0x20000060      0x1e0 load address 0x08003b00
                0x20000060                        _sbss = .
                0x20000060                        __bss_start__ = _sbss
 *(.bss)
 .bss           0x20000060       0x1c /home/franek/st/stm32cubeclt_1.16.0/GNU-tools-for-STM32/bin/../lib/gcc/arm-none-eabi/12.3.1/thumb/v7e-m+fp/hard/crtbegin.o
 *(.bss*)
 .bss.huart2    0x2000007c       0x88 CMakeFiles/devcontainer-stm32-cubemx-clean.dir/Core/Src/usart.c.obj
                0x2000007c                huart2
 .bss.uwTick    0x20000104        0x4 CMakeFiles/devcontainer-stm32-cubemx-clean.dir/Drivers/STM32L4xx_HAL_Driver/Src/stm32l4xx_hal.c.obj
                0x20000104                uwTick
 .bss.__sf      0x20000108      0x138 /home/franek/st/stm32cubeclt_1.16.0/GNU-tools-for-STM32/bin/../lib/gcc/arm-none-eabi/12.3.1/../../../../arm-none-eabi/lib/thumb/v7e-m+fp/hard/libc_nano.a(libc_a-findfp.o)
                0x20000108                __sf
 *(COMMON)
                0x20000240                        . = ALIGN (0x4)
                0x20000240                        _ebss = .
                0x20000240                        __bss_end__ = _ebss

._user_heap_stack
                0x20000240      0x600 load address 0x08003b00
                0x20000240                        . = ALIGN (0x8)
                [!provide]                        PROVIDE (end = .)
                0x20000240                        PROVIDE (_end = .)
                0x20000440                        . = (. + _Min_Heap_Size)
 *fill*         0x20000240      0x200 
                0x20000840                        . = (. + _Min_Stack_Size)
 *fill*         0x20000440      0x400 
                0x20000840                        . = ALIGN (0x8)

/DISCARD/
 libc.a(*)
 libm.a(*)
 libgcc.a(*)
OUTPUT(devcontainer-stm32-cubemx-clean.elf elf32-littlearm)
LOAD linker stubs
LOAD /home/franek/st/stm32cubeclt_1.16.0/GNU-tools-for-STM32/bin/../lib/gcc/arm-none-eabi/12.3.1/../../../../arm-none-eabi/lib/thumb/v7e-m+fp/hard/libc.a
LOAD /home/franek/st/stm32cubeclt_1.16.0/GNU-tools-for-STM32/bin/../lib/gcc/arm-none-eabi/12.3.1/../../../../arm-none-eabi/lib/thumb/v7e-m+fp/hard/libm.a
LOAD /home/franek/st/stm32cubeclt_1.16.0/GNU-tools-for-STM32/bin/../lib/gcc/arm-none-eabi/12.3.1/thumb/v7e-m+fp/hard/libgcc.a

.ARM.attributes
                0x00000000       0x30
 .ARM.attributes
                0x00000000       0x22 /home/franek/st/stm32cubeclt_1.16.0/GNU-tools-for-STM32/bin/../lib/gcc/arm-none-eabi/12.3.1/thumb/v7e-m+fp/hard/crti.o
 .ARM.attributes
                0x00000022       0x34 /home/franek/st/stm32cubeclt_1.16.0/GNU-tools-for-STM32/bin/../lib/gcc/arm-none-eabi/12.3.1/thumb/v7e-m+fp/hard/crtbegin.o
 .ARM.attributes
                0x00000056       0x34 CMakeFiles/devcontainer-stm32-cubemx-clean.dir/Core/Src/main.cpp.obj
 .ARM.attributes
                0x0000008a       0x34 CMakeFiles/devcontainer-stm32-cubemx-clean.dir/Core/Src/gpio.c.obj
 .ARM.attributes
                0x000000be       0x34 CMakeFiles/devcontainer-stm32-cubemx-clean.dir/Core/Src/usart.c.obj
 .ARM.attributes
                0x000000f2       0x34 CMakeFiles/devcontainer-stm32-cubemx-clean.dir/Core/Src/stm32l4xx_it.c.obj
 .ARM.attributes
                0x00000126       0x34 CMakeFiles/devcontainer-stm32-cubemx-clean.dir/Core/Src/stm32l4xx_hal_msp.c.obj
 .ARM.attributes
                0x0000015a       0x34 CMakeFiles/devcontainer-stm32-cubemx-clean.dir/Drivers/STM32L4xx_HAL_Driver/Src/stm32l4xx_hal.c.obj
 .ARM.attributes
                0x0000018e       0x34 CMakeFiles/devcontainer-stm32-cubemx-clean.dir/Drivers/STM32L4xx_HAL_Driver/Src/stm32l4xx_hal_rcc.c.obj
 .ARM.attributes
                0x000001c2       0x34 CMakeFiles/devcontainer-stm32-cubemx-clean.dir/Drivers/STM32L4xx_HAL_Driver/Src/stm32l4xx_hal_rcc_ex.c.obj
 .ARM.attributes
                0x000001f6       0x34 CMakeFiles/devcontainer-stm32-cubemx-clean.dir/Drivers/STM32L4xx_HAL_Driver/Src/stm32l4xx_hal_gpio.c.obj
 .ARM.attributes
                0x0000022a       0x34 CMakeFiles/devcontainer-stm32-cubemx-clean.dir/Drivers/STM32L4xx_HAL_Driver/Src/stm32l4xx_hal_pwr_ex.c.obj
 .ARM.attributes
                0x0000025e       0x34 CMakeFiles/devcontainer-stm32-cubemx-clean.dir/Drivers/STM32L4xx_HAL_Driver/Src/stm32l4xx_hal_cortex.c.obj
 .ARM.attributes
                0x00000292       0x34 CMakeFiles/devcontainer-stm32-cubemx-clean.dir/Drivers/STM32L4xx_HAL_Driver/Src/stm32l4xx_hal_uart.c.obj
 .ARM.attributes
                0x000002c6       0x34 CMakeFiles/devcontainer-stm32-cubemx-clean.dir/Core/Src/system_stm32l4xx.c.obj
 .ARM.attributes
                0x000002fa       0x21 CMakeFiles/devcontainer-stm32-cubemx-clean.dir/startup_stm32l476xx.s.obj
 .ARM.attributes
                0x0000031b       0x34 /home/franek/st/stm32cubeclt_1.16.0/GNU-tools-for-STM32/bin/../lib/gcc/arm-none-eabi/12.3.1/../../../../arm-none-eabi/lib/thumb/v7e-m+fp/hard/libc_nano.a(libc_a-atoi.o)
 .ARM.attributes
                0x0000034f       0x34 /home/franek/st/stm32cubeclt_1.16.0/GNU-tools-for-STM32/bin/../lib/gcc/arm-none-eabi/12.3.1/../../../../arm-none-eabi/lib/thumb/v7e-m+fp/hard/libc_nano.a(libc_a-strtol.o)
 .ARM.attributes
                0x00000383       0x34 /home/franek/st/stm32cubeclt_1.16.0/GNU-tools-for-STM32/bin/../lib/gcc/arm-none-eabi/12.3.1/../../../../arm-none-eabi/lib/thumb/v7e-m+fp/hard/libc_nano.a(libc_a-ctype_.o)
 .ARM.attributes
                0x000003b7       0x34 /home/franek/st/stm32cubeclt_1.16.0/GNU-tools-for-STM32/bin/../lib/gcc/arm-none-eabi/12.3.1/../../../../arm-none-eabi/lib/thumb/v7e-m+fp/hard/libc_nano.a(libc_a-findfp.o)
 .ARM.attributes
                0x000003eb       0x34 /home/franek/st/stm32cubeclt_1.16.0/GNU-tools-for-STM32/bin/../lib/gcc/arm-none-eabi/12.3.1/../../../../arm-none-eabi/lib/thumb/v7e-m+fp/hard/libc_nano.a(libc_a-memset.o)
 .ARM.attributes
                0x0000041f       0x34 /home/franek/st/stm32cubeclt_1.16.0/GNU-tools-for-STM32/bin/../lib/gcc/arm-none-eabi/12.3.1/../../../../arm-none-eabi/lib/thumb/v7e-m+fp/hard/libc_nano.a(libc_a-impure.o)
 .ARM.attributes
                0x00000453       0x34 /home/franek/st/stm32cubeclt_1.16.0/GNU-tools-for-STM32/bin/../lib/gcc/arm-none-eabi/12.3.1/../../../../arm-none-eabi/lib/thumb/v7e-m+fp/hard/libc_nano.a(libc_a-errno.o)
 .ARM.attributes
                0x00000487       0x34 /home/franek/st/stm32cubeclt_1.16.0/GNU-tools-for-STM32/bin/../lib/gcc/arm-none-eabi/12.3.1/../../../../arm-none-eabi/lib/thumb/v7e-m+fp/hard/libc_nano.a(libc_a-init.o)
 .ARM.attributes
                0x000004bb       0x22 /home/franek/st/stm32cubeclt_1.16.0/GNU-tools-for-STM32/bin/../lib/gcc/arm-none-eabi/12.3.1/thumb/v7e-m+fp/hard/libgcc.a(_aeabi_uldivmod.o)
 .ARM.attributes
                0x000004dd       0x34 /home/franek/st/stm32cubeclt_1.16.0/GNU-tools-for-STM32/bin/../lib/gcc/arm-none-eabi/12.3.1/thumb/v7e-m+fp/hard/libgcc.a(_udivmoddi4.o)
 .ARM.attributes
                0x00000511       0x22 /home/franek/st/stm32cubeclt_1.16.0/GNU-tools-for-STM32/bin/../lib/gcc/arm-none-eabi/12.3.1/thumb/v7e-m+fp/hard/libgcc.a(_dvmd_tls.o)
 .ARM.attributes
                0x00000533       0x22 /home/franek/st/stm32cubeclt_1.16.0/GNU-tools-for-STM32/bin/../lib/gcc/arm-none-eabi/12.3.1/thumb/v7e-m+fp/hard/crtn.o

.comment        0x00000000       0x43
 .comment       0x00000000       0x43 CMakeFiles/devcontainer-stm32-cubemx-clean.dir/Core/Src/main.cpp.obj
                                 0x44 (size before relaxing)
 .comment       0x00000043       0x44 CMakeFiles/devcontainer-stm32-cubemx-clean.dir/Core/Src/gpio.c.obj
 .comment       0x00000043       0x44 CMakeFiles/devcontainer-stm32-cubemx-clean.dir/Core/Src/usart.c.obj
 .comment       0x00000043       0x44 CMakeFiles/devcontainer-stm32-cubemx-clean.dir/Core/Src/stm32l4xx_it.c.obj
 .comment       0x00000043       0x44 CMakeFiles/devcontainer-stm32-cubemx-clean.dir/Core/Src/stm32l4xx_hal_msp.c.obj
 .comment       0x00000043       0x44 CMakeFiles/devcontainer-stm32-cubemx-clean.dir/Drivers/STM32L4xx_HAL_Driver/Src/stm32l4xx_hal.c.obj
 .comment       0x00000043       0x44 CMakeFiles/devcontainer-stm32-cubemx-clean.dir/Drivers/STM32L4xx_HAL_Driver/Src/stm32l4xx_hal_rcc.c.obj
 .comment       0x00000043       0x44 CMakeFiles/devcontainer-stm32-cubemx-clean.dir/Drivers/STM32L4xx_HAL_Driver/Src/stm32l4xx_hal_rcc_ex.c.obj
 .comment       0x00000043       0x44 CMakeFiles/devcontainer-stm32-cubemx-clean.dir/Drivers/STM32L4xx_HAL_Driver/Src/stm32l4xx_hal_gpio.c.obj
 .comment       0x00000043       0x44 CMakeFiles/devcontainer-stm32-cubemx-clean.dir/Drivers/STM32L4xx_HAL_Driver/Src/stm32l4xx_hal_pwr_ex.c.obj
 .comment       0x00000043       0x44 CMakeFiles/devcontainer-stm32-cubemx-clean.dir/Drivers/STM32L4xx_HAL_Driver/Src/stm32l4xx_hal_cortex.c.obj
 .comment       0x00000043       0x44 CMakeFiles/devcontainer-stm32-cubemx-clean.dir/Drivers/STM32L4xx_HAL_Driver/Src/stm32l4xx_hal_uart.c.obj
 .comment       0x00000043       0x44 CMakeFiles/devcontainer-stm32-cubemx-clean.dir/Core/Src/system_stm32l4xx.c.obj

.debug_info     0x00000000     0xaf7c
 .debug_info    0x00000000     0x1407 CMakeFiles/devcontainer-stm32-cubemx-clean.dir/Core/Src/main.cpp.obj
 .debug_info    0x00001407      0x473 CMakeFiles/devcontainer-stm32-cubemx-clean.dir/Core/Src/gpio.c.obj
 .debug_info    0x0000187a      0xd26 CMakeFiles/devcontainer-stm32-cubemx-clean.dir/Core/Src/usart.c.obj
 .debug_info    0x000025a0      0x113 CMakeFiles/devcontainer-stm32-cubemx-clean.dir/Core/Src/stm32l4xx_it.c.obj
 .debug_info    0x000026b3      0x2b9 CMakeFiles/devcontainer-stm32-cubemx-clean.dir/Core/Src/stm32l4xx_hal_msp.c.obj
 .debug_info    0x0000296c      0xc0c CMakeFiles/devcontainer-stm32-cubemx-clean.dir/Drivers/STM32L4xx_HAL_Driver/Src/stm32l4xx_hal.c.obj
 .debug_info    0x00003578      0xc2e CMakeFiles/devcontainer-stm32-cubemx-clean.dir/Drivers/STM32L4xx_HAL_Driver/Src/stm32l4xx_hal_rcc.c.obj
 .debug_info    0x000041a6      0xe0a CMakeFiles/devcontainer-stm32-cubemx-clean.dir/Drivers/STM32L4xx_HAL_Driver/Src/stm32l4xx_hal_rcc_ex.c.obj
 .debug_info    0x00004fb0      0x757 CMakeFiles/devcontainer-stm32-cubemx-clean.dir/Drivers/STM32L4xx_HAL_Driver/Src/stm32l4xx_hal_gpio.c.obj
 .debug_info    0x00005707      0x99e CMakeFiles/devcontainer-stm32-cubemx-clean.dir/Drivers/STM32L4xx_HAL_Driver/Src/stm32l4xx_hal_pwr_ex.c.obj
 .debug_info    0x000060a5      0xd8c CMakeFiles/devcontainer-stm32-cubemx-clean.dir/Drivers/STM32L4xx_HAL_Driver/Src/stm32l4xx_hal_cortex.c.obj
 .debug_info    0x00006e31     0x3b68 CMakeFiles/devcontainer-stm32-cubemx-clean.dir/Drivers/STM32L4xx_HAL_Driver/Src/stm32l4xx_hal_uart.c.obj
 .debug_info    0x0000a999      0x5b3 CMakeFiles/devcontainer-stm32-cubemx-clean.dir/Core/Src/system_stm32l4xx.c.obj
 .debug_info    0x0000af4c       0x30 CMakeFiles/devcontainer-stm32-cubemx-clean.dir/startup_stm32l476xx.s.obj

.debug_abbrev   0x00000000     0x19dc
 .debug_abbrev  0x00000000      0x2bc CMakeFiles/devcontainer-stm32-cubemx-clean.dir/Core/Src/main.cpp.obj
 .debug_abbrev  0x000002bc      0x152 CMakeFiles/devcontainer-stm32-cubemx-clean.dir/Core/Src/gpio.c.obj
 .debug_abbrev  0x0000040e      0x1f5 CMakeFiles/devcontainer-stm32-cubemx-clean.dir/Core/Src/usart.c.obj
 .debug_abbrev  0x00000603       0x73 CMakeFiles/devcontainer-stm32-cubemx-clean.dir/Core/Src/stm32l4xx_it.c.obj
 .debug_abbrev  0x00000676       0xc6 CMakeFiles/devcontainer-stm32-cubemx-clean.dir/Core/Src/stm32l4xx_hal_msp.c.obj
 .debug_abbrev  0x0000073c      0x242 CMakeFiles/devcontainer-stm32-cubemx-clean.dir/Drivers/STM32L4xx_HAL_Driver/Src/stm32l4xx_hal.c.obj
 .debug_abbrev  0x0000097e      0x2ca CMakeFiles/devcontainer-stm32-cubemx-clean.dir/Drivers/STM32L4xx_HAL_Driver/Src/stm32l4xx_hal_rcc.c.obj
 .debug_abbrev  0x00000c48      0x2a7 CMakeFiles/devcontainer-stm32-cubemx-clean.dir/Drivers/STM32L4xx_HAL_Driver/Src/stm32l4xx_hal_rcc_ex.c.obj
 .debug_abbrev  0x00000eef      0x1cb CMakeFiles/devcontainer-stm32-cubemx-clean.dir/Drivers/STM32L4xx_HAL_Driver/Src/stm32l4xx_hal_gpio.c.obj
 .debug_abbrev  0x000010ba      0x1f9 CMakeFiles/devcontainer-stm32-cubemx-clean.dir/Drivers/STM32L4xx_HAL_Driver/Src/stm32l4xx_hal_pwr_ex.c.obj
 .debug_abbrev  0x000012b3      0x31b CMakeFiles/devcontainer-stm32-cubemx-clean.dir/Drivers/STM32L4xx_HAL_Driver/Src/stm32l4xx_hal_cortex.c.obj
 .debug_abbrev  0x000015ce      0x2d0 CMakeFiles/devcontainer-stm32-cubemx-clean.dir/Drivers/STM32L4xx_HAL_Driver/Src/stm32l4xx_hal_uart.c.obj
 .debug_abbrev  0x0000189e      0x11a CMakeFiles/devcontainer-stm32-cubemx-clean.dir/Core/Src/system_stm32l4xx.c.obj
 .debug_abbrev  0x000019b8       0x24 CMakeFiles/devcontainer-stm32-cubemx-clean.dir/startup_stm32l476xx.s.obj

.debug_aranges  0x00000000      0x8d8
 .debug_aranges
                0x00000000       0x30 CMakeFiles/devcontainer-stm32-cubemx-clean.dir/Core/Src/main.cpp.obj
 .debug_aranges
                0x00000030       0x20 CMakeFiles/devcontainer-stm32-cubemx-clean.dir/Core/Src/gpio.c.obj
 .debug_aranges
                0x00000050       0x30 CMakeFiles/devcontainer-stm32-cubemx-clean.dir/Core/Src/usart.c.obj
 .debug_aranges
                0x00000080       0x60 CMakeFiles/devcontainer-stm32-cubemx-clean.dir/Core/Src/stm32l4xx_it.c.obj
 .debug_aranges
                0x000000e0       0x20 CMakeFiles/devcontainer-stm32-cubemx-clean.dir/Core/Src/stm32l4xx_hal_msp.c.obj
 .debug_aranges
                0x00000100      0x130 CMakeFiles/devcontainer-stm32-cubemx-clean.dir/Drivers/STM32L4xx_HAL_Driver/Src/stm32l4xx_hal.c.obj
 .debug_aranges
                0x00000230       0x90 CMakeFiles/devcontainer-stm32-cubemx-clean.dir/Drivers/STM32L4xx_HAL_Driver/Src/stm32l4xx_hal_rcc.c.obj
 .debug_aranges
                0x000002c0       0xc0 CMakeFiles/devcontainer-stm32-cubemx-clean.dir/Drivers/STM32L4xx_HAL_Driver/Src/stm32l4xx_hal_rcc_ex.c.obj
 .debug_aranges
                0x00000380       0x58 CMakeFiles/devcontainer-stm32-cubemx-clean.dir/Drivers/STM32L4xx_HAL_Driver/Src/stm32l4xx_hal_gpio.c.obj
 .debug_aranges
                0x000003d8      0x160 CMakeFiles/devcontainer-stm32-cubemx-clean.dir/Drivers/STM32L4xx_HAL_Driver/Src/stm32l4xx_hal_pwr_ex.c.obj
 .debug_aranges
                0x00000538      0x128 CMakeFiles/devcontainer-stm32-cubemx-clean.dir/Drivers/STM32L4xx_HAL_Driver/Src/stm32l4xx_hal_cortex.c.obj
 .debug_aranges
                0x00000660      0x228 CMakeFiles/devcontainer-stm32-cubemx-clean.dir/Drivers/STM32L4xx_HAL_Driver/Src/stm32l4xx_hal_uart.c.obj
 .debug_aranges
                0x00000888       0x28 CMakeFiles/devcontainer-stm32-cubemx-clean.dir/Core/Src/system_stm32l4xx.c.obj
 .debug_aranges
                0x000008b0       0x28 CMakeFiles/devcontainer-stm32-cubemx-clean.dir/startup_stm32l476xx.s.obj

.debug_rnglists
                0x00000000      0x6bc
 .debug_rnglists
                0x00000000       0x21 CMakeFiles/devcontainer-stm32-cubemx-clean.dir/Core/Src/main.cpp.obj
 .debug_rnglists
                0x00000021       0x14 CMakeFiles/devcontainer-stm32-cubemx-clean.dir/Core/Src/gpio.c.obj
 .debug_rnglists
                0x00000035       0x20 CMakeFiles/devcontainer-stm32-cubemx-clean.dir/Core/Src/usart.c.obj
 .debug_rnglists
                0x00000055       0x43 CMakeFiles/devcontainer-stm32-cubemx-clean.dir/Core/Src/stm32l4xx_it.c.obj
 .debug_rnglists
                0x00000098       0x13 CMakeFiles/devcontainer-stm32-cubemx-clean.dir/Core/Src/stm32l4xx_hal_msp.c.obj
 .debug_rnglists
                0x000000ab       0xdf CMakeFiles/devcontainer-stm32-cubemx-clean.dir/Drivers/STM32L4xx_HAL_Driver/Src/stm32l4xx_hal.c.obj
 .debug_rnglists
                0x0000018a       0x6d CMakeFiles/devcontainer-stm32-cubemx-clean.dir/Drivers/STM32L4xx_HAL_Driver/Src/stm32l4xx_hal_rcc.c.obj
 .debug_rnglists
                0x000001f7       0x95 CMakeFiles/devcontainer-stm32-cubemx-clean.dir/Drivers/STM32L4xx_HAL_Driver/Src/stm32l4xx_hal_rcc_ex.c.obj
 .debug_rnglists
                0x0000028c       0x3f CMakeFiles/devcontainer-stm32-cubemx-clean.dir/Drivers/STM32L4xx_HAL_Driver/Src/stm32l4xx_hal_gpio.c.obj
 .debug_rnglists
                0x000002cb      0x109 CMakeFiles/devcontainer-stm32-cubemx-clean.dir/Drivers/STM32L4xx_HAL_Driver/Src/stm32l4xx_hal_pwr_ex.c.obj
 .debug_rnglists
                0x000003d4       0xda CMakeFiles/devcontainer-stm32-cubemx-clean.dir/Drivers/STM32L4xx_HAL_Driver/Src/stm32l4xx_hal_cortex.c.obj
 .debug_rnglists
                0x000004ae      0x1db CMakeFiles/devcontainer-stm32-cubemx-clean.dir/Drivers/STM32L4xx_HAL_Driver/Src/stm32l4xx_hal_uart.c.obj
 .debug_rnglists
                0x00000689       0x1a CMakeFiles/devcontainer-stm32-cubemx-clean.dir/Core/Src/system_stm32l4xx.c.obj
 .debug_rnglists
                0x000006a3       0x19 CMakeFiles/devcontainer-stm32-cubemx-clean.dir/startup_stm32l476xx.s.obj

.debug_macro    0x00000000    0x2b4b3
 .debug_macro   0x00000000      0x337 CMakeFiles/devcontainer-stm32-cubemx-clean.dir/Core/Src/main.cpp.obj
 .debug_macro   0x00000337      0xc6a CMakeFiles/devcontainer-stm32-cubemx-clean.dir/Core/Src/main.cpp.obj
 .debug_macro   0x00000fa1      0x1a1 CMakeFiles/devcontainer-stm32-cubemx-clean.dir/Core/Src/main.cpp.obj
 .debug_macro   0x00001142     0x3439 CMakeFiles/devcontainer-stm32-cubemx-clean.dir/Core/Src/main.cpp.obj
 .debug_macro   0x0000457b       0x2e CMakeFiles/devcontainer-stm32-cubemx-clean.dir/Core/Src/main.cpp.obj
 .debug_macro   0x000045a9       0x28 CMakeFiles/devcontainer-stm32-cubemx-clean.dir/Core/Src/main.cpp.obj
 .debug_macro   0x000045d1       0x1c CMakeFiles/devcontainer-stm32-cubemx-clean.dir/Core/Src/main.cpp.obj
 .debug_macro   0x000045ed       0x22 CMakeFiles/devcontainer-stm32-cubemx-clean.dir/Core/Src/main.cpp.obj
 .debug_macro   0x0000460f       0x8e CMakeFiles/devcontainer-stm32-cubemx-clean.dir/Core/Src/main.cpp.obj
 .debug_macro   0x0000469d       0x51 CMakeFiles/devcontainer-stm32-cubemx-clean.dir/Core/Src/main.cpp.obj
 .debug_macro   0x000046ee      0x103 CMakeFiles/devcontainer-stm32-cubemx-clean.dir/Core/Src/main.cpp.obj
 .debug_macro   0x000047f1       0x6a CMakeFiles/devcontainer-stm32-cubemx-clean.dir/Core/Src/main.cpp.obj
 .debug_macro   0x0000485b      0x1df CMakeFiles/devcontainer-stm32-cubemx-clean.dir/Core/Src/main.cpp.obj
 .debug_macro   0x00004a3a       0x1c CMakeFiles/devcontainer-stm32-cubemx-clean.dir/Core/Src/main.cpp.obj
 .debug_macro   0x00004a56       0x22 CMakeFiles/devcontainer-stm32-cubemx-clean.dir/Core/Src/main.cpp.obj
 .debug_macro   0x00004a78       0xfb CMakeFiles/devcontainer-stm32-cubemx-clean.dir/Core/Src/main.cpp.obj
 .debug_macro   0x00004b73     0x1011 CMakeFiles/devcontainer-stm32-cubemx-clean.dir/Core/Src/main.cpp.obj
 .debug_macro   0x00005b84      0x11f CMakeFiles/devcontainer-stm32-cubemx-clean.dir/Core/Src/main.cpp.obj
 .debug_macro   0x00005ca3    0x1a17a CMakeFiles/devcontainer-stm32-cubemx-clean.dir/Core/Src/main.cpp.obj
 .debug_macro   0x0001fe1d       0x6d CMakeFiles/devcontainer-stm32-cubemx-clean.dir/Core/Src/main.cpp.obj
 .debug_macro   0x0001fe8a      0x190 CMakeFiles/devcontainer-stm32-cubemx-clean.dir/Core/Src/main.cpp.obj
 .debug_macro   0x0002001a       0x5b CMakeFiles/devcontainer-stm32-cubemx-clean.dir/Core/Src/main.cpp.obj
 .debug_macro   0x00020075     0x159e CMakeFiles/devcontainer-stm32-cubemx-clean.dir/Core/Src/main.cpp.obj
 .debug_macro   0x00021613      0x5a5 CMakeFiles/devcontainer-stm32-cubemx-clean.dir/Core/Src/main.cpp.obj
 .debug_macro   0x00021bb8      0x1bb CMakeFiles/devcontainer-stm32-cubemx-clean.dir/Core/Src/main.cpp.obj
 .debug_macro   0x00021d73      0x18b CMakeFiles/devcontainer-stm32-cubemx-clean.dir/Core/Src/main.cpp.obj
 .debug_macro   0x00021efe      0x26b CMakeFiles/devcontainer-stm32-cubemx-clean.dir/Core/Src/main.cpp.obj
 .debug_macro   0x00022169      0x23d CMakeFiles/devcontainer-stm32-cubemx-clean.dir/Core/Src/main.cpp.obj
 .debug_macro   0x000223a6      0x241 CMakeFiles/devcontainer-stm32-cubemx-clean.dir/Core/Src/main.cpp.obj
 .debug_macro   0x000225e7      0x37c CMakeFiles/devcontainer-stm32-cubemx-clean.dir/Core/Src/main.cpp.obj
 .debug_macro   0x00022963       0xd6 CMakeFiles/devcontainer-stm32-cubemx-clean.dir/Core/Src/main.cpp.obj
 .debug_macro   0x00022a39      0x122 CMakeFiles/devcontainer-stm32-cubemx-clean.dir/Core/Src/main.cpp.obj
 .debug_macro   0x00022b5b      0x3f4 CMakeFiles/devcontainer-stm32-cubemx-clean.dir/Core/Src/main.cpp.obj
 .debug_macro   0x00022f4f      0x5cf CMakeFiles/devcontainer-stm32-cubemx-clean.dir/Core/Src/main.cpp.obj
 .debug_macro   0x0002351e       0x44 CMakeFiles/devcontainer-stm32-cubemx-clean.dir/Core/Src/main.cpp.obj
 .debug_macro   0x00023562      0x331 CMakeFiles/devcontainer-stm32-cubemx-clean.dir/Core/Src/main.cpp.obj
 .debug_macro   0x00023893       0x58 CMakeFiles/devcontainer-stm32-cubemx-clean.dir/Core/Src/main.cpp.obj
 .debug_macro   0x000238eb      0x1d5 CMakeFiles/devcontainer-stm32-cubemx-clean.dir/Core/Src/main.cpp.obj
 .debug_macro   0x00023ac0       0x10 CMakeFiles/devcontainer-stm32-cubemx-clean.dir/Core/Src/main.cpp.obj
 .debug_macro   0x00023ad0       0xcf CMakeFiles/devcontainer-stm32-cubemx-clean.dir/Core/Src/main.cpp.obj
 .debug_macro   0x00023b9f      0x103 CMakeFiles/devcontainer-stm32-cubemx-clean.dir/Core/Src/main.cpp.obj
 .debug_macro   0x00023ca2      0x37d CMakeFiles/devcontainer-stm32-cubemx-clean.dir/Core/Src/main.cpp.obj
 .debug_macro   0x0002401f       0x10 CMakeFiles/devcontainer-stm32-cubemx-clean.dir/Core/Src/main.cpp.obj
 .debug_macro   0x0002402f       0x2a CMakeFiles/devcontainer-stm32-cubemx-clean.dir/Core/Src/main.cpp.obj
 .debug_macro   0x00024059       0x74 CMakeFiles/devcontainer-stm32-cubemx-clean.dir/Core/Src/main.cpp.obj
 .debug_macro   0x000240cd       0x3c CMakeFiles/devcontainer-stm32-cubemx-clean.dir/Core/Src/main.cpp.obj
 .debug_macro   0x00024109       0x34 CMakeFiles/devcontainer-stm32-cubemx-clean.dir/Core/Src/main.cpp.obj
 .debug_macro   0x0002413d       0x16 CMakeFiles/devcontainer-stm32-cubemx-clean.dir/Core/Src/main.cpp.obj
 .debug_macro   0x00024153       0x35 CMakeFiles/devcontainer-stm32-cubemx-clean.dir/Core/Src/main.cpp.obj
 .debug_macro   0x00024188       0x16 CMakeFiles/devcontainer-stm32-cubemx-clean.dir/Core/Src/main.cpp.obj
 .debug_macro   0x0002419e       0x43 CMakeFiles/devcontainer-stm32-cubemx-clean.dir/Core/Src/main.cpp.obj
 .debug_macro   0x000241e1       0x34 CMakeFiles/devcontainer-stm32-cubemx-clean.dir/Core/Src/main.cpp.obj
 .debug_macro   0x00024215       0x10 CMakeFiles/devcontainer-stm32-cubemx-clean.dir/Core/Src/main.cpp.obj
 .debug_macro   0x00024225       0x58 CMakeFiles/devcontainer-stm32-cubemx-clean.dir/Core/Src/main.cpp.obj
 .debug_macro   0x0002427d      0x1de CMakeFiles/devcontainer-stm32-cubemx-clean.dir/Core/Src/main.cpp.obj
 .debug_macro   0x0002445b      0x38c CMakeFiles/devcontainer-stm32-cubemx-clean.dir/Core/Src/main.cpp.obj
 .debug_macro   0x000247e7       0x16 CMakeFiles/devcontainer-stm32-cubemx-clean.dir/Core/Src/main.cpp.obj
 .debug_macro   0x000247fd       0x29 CMakeFiles/devcontainer-stm32-cubemx-clean.dir/Core/Src/main.cpp.obj
 .debug_macro   0x00024826       0x1c CMakeFiles/devcontainer-stm32-cubemx-clean.dir/Core/Src/main.cpp.obj
 .debug_macro   0x00024842       0xde CMakeFiles/devcontainer-stm32-cubemx-clean.dir/Core/Src/main.cpp.obj
 .debug_macro   0x00024920       0x16 CMakeFiles/devcontainer-stm32-cubemx-clean.dir/Core/Src/main.cpp.obj
 .debug_macro   0x00024936       0x20 CMakeFiles/devcontainer-stm32-cubemx-clean.dir/Core/Src/main.cpp.obj
 .debug_macro   0x00024956       0x8e CMakeFiles/devcontainer-stm32-cubemx-clean.dir/Core/Src/main.cpp.obj
 .debug_macro   0x000249e4      0x1c5 CMakeFiles/devcontainer-stm32-cubemx-clean.dir/Core/Src/gpio.c.obj
 .debug_macro   0x00024ba9      0xab4 CMakeFiles/devcontainer-stm32-cubemx-clean.dir/Core/Src/gpio.c.obj
 .debug_macro   0x0002565d     0x1011 CMakeFiles/devcontainer-stm32-cubemx-clean.dir/Core/Src/gpio.c.obj
 .debug_macro   0x0002666e      0x189 CMakeFiles/devcontainer-stm32-cubemx-clean.dir/Core/Src/gpio.c.obj
 .debug_macro   0x000267f7      0x1c5 CMakeFiles/devcontainer-stm32-cubemx-clean.dir/Core/Src/usart.c.obj
 .debug_macro   0x000269bc      0x1c5 CMakeFiles/devcontainer-stm32-cubemx-clean.dir/Core/Src/stm32l4xx_it.c.obj
 .debug_macro   0x00026b81      0x1bb CMakeFiles/devcontainer-stm32-cubemx-clean.dir/Core/Src/stm32l4xx_hal_msp.c.obj
 .debug_macro   0x00026d3c      0x1fa CMakeFiles/devcontainer-stm32-cubemx-clean.dir/Drivers/STM32L4xx_HAL_Driver/Src/stm32l4xx_hal.c.obj
 .debug_macro   0x00026f36      0x1ee CMakeFiles/devcontainer-stm32-cubemx-clean.dir/Drivers/STM32L4xx_HAL_Driver/Src/stm32l4xx_hal_rcc.c.obj
 .debug_macro   0x00027124      0x1e2 CMakeFiles/devcontainer-stm32-cubemx-clean.dir/Drivers/STM32L4xx_HAL_Driver/Src/stm32l4xx_hal_rcc_ex.c.obj
 .debug_macro   0x00027306      0x1b3 CMakeFiles/devcontainer-stm32-cubemx-clean.dir/Drivers/STM32L4xx_HAL_Driver/Src/stm32l4xx_hal_gpio.c.obj
 .debug_macro   0x000274b9      0x1d0 CMakeFiles/devcontainer-stm32-cubemx-clean.dir/Drivers/STM32L4xx_HAL_Driver/Src/stm32l4xx_hal_pwr_ex.c.obj
 .debug_macro   0x00027689      0x1ac CMakeFiles/devcontainer-stm32-cubemx-clean.dir/Drivers/STM32L4xx_HAL_Driver/Src/stm32l4xx_hal_cortex.c.obj
 .debug_macro   0x00027835      0x1d7 CMakeFiles/devcontainer-stm32-cubemx-clean.dir/Drivers/STM32L4xx_HAL_Driver/Src/stm32l4xx_hal_uart.c.obj
 .debug_macro   0x00027a0c      0x1ac CMakeFiles/devcontainer-stm32-cubemx-clean.dir/Core/Src/system_stm32l4xx.c.obj
 .debug_macro   0x00027bb8     0x38fb CMakeFiles/devcontainer-stm32-cubemx-clean.dir/Core/Src/system_stm32l4xx.c.obj

.debug_line     0x00000000     0xb529
 .debug_line    0x00000000      0xa65 CMakeFiles/devcontainer-stm32-cubemx-clean.dir/Core/Src/main.cpp.obj
 .debug_line    0x00000a65      0x701 CMakeFiles/devcontainer-stm32-cubemx-clean.dir/Core/Src/gpio.c.obj
 .debug_line    0x00001166      0x76c CMakeFiles/devcontainer-stm32-cubemx-clean.dir/Core/Src/usart.c.obj
 .debug_line    0x000018d2      0x7aa CMakeFiles/devcontainer-stm32-cubemx-clean.dir/Core/Src/stm32l4xx_it.c.obj
 .debug_line    0x0000207c      0x6e8 CMakeFiles/devcontainer-stm32-cubemx-clean.dir/Core/Src/stm32l4xx_hal_msp.c.obj
 .debug_line    0x00002764      0xade CMakeFiles/devcontainer-stm32-cubemx-clean.dir/Drivers/STM32L4xx_HAL_Driver/Src/stm32l4xx_hal.c.obj
 .debug_line    0x00003242      0xf56 CMakeFiles/devcontainer-stm32-cubemx-clean.dir/Drivers/STM32L4xx_HAL_Driver/Src/stm32l4xx_hal_rcc.c.obj
 .debug_line    0x00004198     0x14c8 CMakeFiles/devcontainer-stm32-cubemx-clean.dir/Drivers/STM32L4xx_HAL_Driver/Src/stm32l4xx_hal_rcc_ex.c.obj
 .debug_line    0x00005660      0xb69 CMakeFiles/devcontainer-stm32-cubemx-clean.dir/Drivers/STM32L4xx_HAL_Driver/Src/stm32l4xx_hal_gpio.c.obj
 .debug_line    0x000061c9      0xccf CMakeFiles/devcontainer-stm32-cubemx-clean.dir/Drivers/STM32L4xx_HAL_Driver/Src/stm32l4xx_hal_pwr_ex.c.obj
 .debug_line    0x00006e98      0xca6 CMakeFiles/devcontainer-stm32-cubemx-clean.dir/Drivers/STM32L4xx_HAL_Driver/Src/stm32l4xx_hal_cortex.c.obj
 .debug_line    0x00007b3e     0x31ef CMakeFiles/devcontainer-stm32-cubemx-clean.dir/Drivers/STM32L4xx_HAL_Driver/Src/stm32l4xx_hal_uart.c.obj
 .debug_line    0x0000ad2d      0x782 CMakeFiles/devcontainer-stm32-cubemx-clean.dir/Core/Src/system_stm32l4xx.c.obj
 .debug_line    0x0000b4af       0x7a CMakeFiles/devcontainer-stm32-cubemx-clean.dir/startup_stm32l476xx.s.obj

.debug_str      0x00000000    0xea086
 .debug_str     0x00000000    0xe4e4f CMakeFiles/devcontainer-stm32-cubemx-clean.dir/Core/Src/main.cpp.obj
                              0xe53f5 (size before relaxing)
 .debug_str     0x000e4e4f      0x38b CMakeFiles/devcontainer-stm32-cubemx-clean.dir/Core/Src/gpio.c.obj
                              0xded76 (size before relaxing)
 .debug_str     0x000e51da      0x327 CMakeFiles/devcontainer-stm32-cubemx-clean.dir/Core/Src/usart.c.obj
                              0xdf4b8 (size before relaxing)
 .debug_str     0x000e5501      0x103 CMakeFiles/devcontainer-stm32-cubemx-clean.dir/Core/Src/stm32l4xx_it.c.obj
                              0xdebdf (size before relaxing)
 .debug_str     0x000e5604       0x66 CMakeFiles/devcontainer-stm32-cubemx-clean.dir/Core/Src/stm32l4xx_hal_msp.c.obj
                              0xdeca6 (size before relaxing)
 .debug_str     0x000e566a      0xaf5 CMakeFiles/devcontainer-stm32-cubemx-clean.dir/Drivers/STM32L4xx_HAL_Driver/Src/stm32l4xx_hal.c.obj
                              0xdf846 (size before relaxing)
 .debug_str     0x000e615f      0x448 CMakeFiles/devcontainer-stm32-cubemx-clean.dir/Drivers/STM32L4xx_HAL_Driver/Src/stm32l4xx_hal_rcc.c.obj
                              0xdf28d (size before relaxing)
 .debug_str     0x000e65a7      0x440 CMakeFiles/devcontainer-stm32-cubemx-clean.dir/Drivers/STM32L4xx_HAL_Driver/Src/stm32l4xx_hal_rcc_ex.c.obj
                              0xdf406 (size before relaxing)
 .debug_str     0x000e69e7      0x116 CMakeFiles/devcontainer-stm32-cubemx-clean.dir/Drivers/STM32L4xx_HAL_Driver/Src/stm32l4xx_hal_gpio.c.obj
                              0xdedc0 (size before relaxing)
 .debug_str     0x000e6afd      0x4eb CMakeFiles/devcontainer-stm32-cubemx-clean.dir/Drivers/STM32L4xx_HAL_Driver/Src/stm32l4xx_hal_pwr_ex.c.obj
                              0xdf1a2 (size before relaxing)
 .debug_str     0x000e6fe8      0x3ac CMakeFiles/devcontainer-stm32-cubemx-clean.dir/Drivers/STM32L4xx_HAL_Driver/Src/stm32l4xx_hal_cortex.c.obj
                              0xdf4c0 (size before relaxing)
 .debug_str     0x000e7394      0x901 CMakeFiles/devcontainer-stm32-cubemx-clean.dir/Drivers/STM32L4xx_HAL_Driver/Src/stm32l4xx_hal_uart.c.obj
                              0xdf99f (size before relaxing)
 .debug_str     0x000e7c95     0x2382 CMakeFiles/devcontainer-stm32-cubemx-clean.dir/Core/Src/system_stm32l4xx.c.obj
                              0xe0f21 (size before relaxing)
 .debug_str     0x000ea017       0x6f CMakeFiles/devcontainer-stm32-cubemx-clean.dir/startup_stm32l476xx.s.obj
                                 0xbe (size before relaxing)

.debug_frame    0x00000000     0x24ac
 .debug_frame   0x00000000       0x6c CMakeFiles/devcontainer-stm32-cubemx-clean.dir/Core/Src/main.cpp.obj
 .debug_frame   0x0000006c       0x34 CMakeFiles/devcontainer-stm32-cubemx-clean.dir/Core/Src/gpio.c.obj
 .debug_frame   0x000000a0       0x78 CMakeFiles/devcontainer-stm32-cubemx-clean.dir/Core/Src/usart.c.obj
 .debug_frame   0x00000118      0x104 CMakeFiles/devcontainer-stm32-cubemx-clean.dir/Core/Src/stm32l4xx_it.c.obj
 .debug_frame   0x0000021c       0x38 CMakeFiles/devcontainer-stm32-cubemx-clean.dir/Core/Src/stm32l4xx_hal_msp.c.obj
 .debug_frame   0x00000254      0x498 CMakeFiles/devcontainer-stm32-cubemx-clean.dir/Drivers/STM32L4xx_HAL_Driver/Src/stm32l4xx_hal.c.obj
 .debug_frame   0x000006ec      0x21c CMakeFiles/devcontainer-stm32-cubemx-clean.dir/Drivers/STM32L4xx_HAL_Driver/Src/stm32l4xx_hal_rcc.c.obj
 .debug_frame   0x00000908      0x2fc CMakeFiles/devcontainer-stm32-cubemx-clean.dir/Drivers/STM32L4xx_HAL_Driver/Src/stm32l4xx_hal_rcc_ex.c.obj
 .debug_frame   0x00000c04      0x14c CMakeFiles/devcontainer-stm32-cubemx-clean.dir/Drivers/STM32L4xx_HAL_Driver/Src/stm32l4xx_hal_gpio.c.obj
 .debug_frame   0x00000d50      0x584 CMakeFiles/devcontainer-stm32-cubemx-clean.dir/Drivers/STM32L4xx_HAL_Driver/Src/stm32l4xx_hal_pwr_ex.c.obj
 .debug_frame   0x000012d4      0x4e8 CMakeFiles/devcontainer-stm32-cubemx-clean.dir/Drivers/STM32L4xx_HAL_Driver/Src/stm32l4xx_hal_cortex.c.obj
 .debug_frame   0x000017bc      0x9f4 CMakeFiles/devcontainer-stm32-cubemx-clean.dir/Drivers/STM32L4xx_HAL_Driver/Src/stm32l4xx_hal_uart.c.obj
 .debug_frame   0x000021b0       0x58 CMakeFiles/devcontainer-stm32-cubemx-clean.dir/Core/Src/system_stm32l4xx.c.obj
 .debug_frame   0x00002208       0x30 /home/franek/st/stm32cubeclt_1.16.0/GNU-tools-for-STM32/bin/../lib/gcc/arm-none-eabi/12.3.1/../../../../arm-none-eabi/lib/thumb/v7e-m+fp/hard/libc_nano.a(libc_a-atoi.o)
 .debug_frame   0x00002238       0x64 /home/franek/st/stm32cubeclt_1.16.0/GNU-tools-for-STM32/bin/../lib/gcc/arm-none-eabi/12.3.1/../../../../arm-none-eabi/lib/thumb/v7e-m+fp/hard/libc_nano.a(libc_a-strtol.o)
 .debug_frame   0x0000229c      0x144 /home/franek/st/stm32cubeclt_1.16.0/GNU-tools-for-STM32/bin/../lib/gcc/arm-none-eabi/12.3.1/../../../../arm-none-eabi/lib/thumb/v7e-m+fp/hard/libc_nano.a(libc_a-findfp.o)
 .debug_frame   0x000023e0       0x20 /home/franek/st/stm32cubeclt_1.16.0/GNU-tools-for-STM32/bin/../lib/gcc/arm-none-eabi/12.3.1/../../../../arm-none-eabi/lib/thumb/v7e-m+fp/hard/libc_nano.a(libc_a-memset.o)
 .debug_frame   0x00002400       0x20 /home/franek/st/stm32cubeclt_1.16.0/GNU-tools-for-STM32/bin/../lib/gcc/arm-none-eabi/12.3.1/../../../../arm-none-eabi/lib/thumb/v7e-m+fp/hard/libc_nano.a(libc_a-errno.o)
 .debug_frame   0x00002420       0x2c /home/franek/st/stm32cubeclt_1.16.0/GNU-tools-for-STM32/bin/../lib/gcc/arm-none-eabi/12.3.1/../../../../arm-none-eabi/lib/thumb/v7e-m+fp/hard/libc_nano.a(libc_a-init.o)
 .debug_frame   0x0000244c       0x2c /home/franek/st/stm32cubeclt_1.16.0/GNU-tools-for-STM32/bin/../lib/gcc/arm-none-eabi/12.3.1/thumb/v7e-m+fp/hard/libgcc.a(_aeabi_uldivmod.o)
 .debug_frame   0x00002478       0x34 /home/franek/st/stm32cubeclt_1.16.0/GNU-tools-for-STM32/bin/../lib/gcc/arm-none-eabi/12.3.1/thumb/v7e-m+fp/hard/libgcc.a(_udivmoddi4.o)

.debug_line_str
                0x00000000       0xa2
 .debug_line_str
                0x00000000       0xa2 CMakeFiles/devcontainer-stm32-cubemx-clean.dir/startup_stm32l476xx.s.obj
